// Jest Snapshot v1, https://goo.gl/fbAQLP

exports[`Pruebas en <GifexpertApp/> debe hacer match con el snapshot 1`] = `
<div>
  <h1>
    GifExpertApp
  </h1>
  <form
    aria-label="form"
  >
    <input
      placeholder="search gifs"
      type="text"
      value=" "
    />
  </form>
  <ol>
    <h3>
      Batman
    </h3>
    <h2>
      Cargando...
    </h2>
    <div
      class="card-grid"
    />
  </ol>
</div>
`;
